<!DOCTYPE html>
<html lang="en">

<head>
  <meta charset="UTF-8" />
  <meta name="viewport" content="width=device-width, initial-scale=1.0" />
  <meta http-equiv="X-UA-Compatible" content="ie=edge" />
  <title>maket1</title>
  <link rel="stylesheet" href="css/index.css" />
</head>

<body>
  <header>
    <div class="container">
      <div class="heading clearfix"></div>
      <img src="img/logo.png" alt="Golden" class="logo" />

      <nav>
        <ul class="menu">
          <li><a href="#">Home</a></li>
          <li><a href="#">Services</a></li>
          <li><a href="#">Portfolio</a></li>
          <li><a href="#">About</a></li>
          <li><a href="#">Contact</a></li>
        </ul>
      </nav>
    </div>

    <div class="titles">
      <div class="titles_first">Welcome To Our Studio!</div>
      <h1>
        Itâ€™s nice to Meet you
      </h1>
    </div>
    <a href="#" class="button">
      Tell Me More
    </a>
    </div>
  </header>

  <section>
    <div class="container">
      <div class="title">
        <h2>services</h2>
        <p>Proin iaculis purus consequat sem cure.</p>
      </div>

      <div class="services">
        <div class="services_item">
          <img src="img/icon1.png" alt="icon" />
          <h3>
            E-Commerce
          </h3>
          <p>
            Proin iaculis purus consequat sem cure digni ssim. Donec
            porttitora entum suscipit aenean rhoncus posuere odio in
            tincidunt.
          </p>
        </div>
        <div class="services_item">
          <img src="img/icon1.png" alt="icon" />
          <h3>
            Responsive Web
          </h3>
          <p>
            Proin iaculis purus consequat sem cure digni ssim. Donec
            porttitora entum suscipit aenean rhoncus posuere odio in
            tincidunt.
          </p>
        </div>
        <div class="services_item">
          <img src="img/icon1.png" alt="icon" />
          <h3>
            Responsive Web
          </h3>
          <p>
            Proin iaculis purus consequat sem cure digni ssim. Donec
            porttitora entum suscipit aenean rhoncus posuere odio in
            tincidunt.
          </p>
        </div>
      </div>
    </div>
    <div class="heading clearfix"></div>
  </section>
  <section>
    <div class="container con3">
      <div class="title">
        <h2>our portfolio</h2>
        <p>Proin iaculis purus consequat sem cure. </p>
      </div>
      <div class="picture">
        <img src="img/img1.jpg" alt="picture1" class="images">
        <img src="img/img2.jpg" alt="picture1" class="images">
        <img src="img/img3.jpg" alt="picture1" class="images">
      </div>
    </div>
  </section>
  <section>

    <div class="container">
      <div class="title">
        <h2>about us</h2>
        <p>Proin iaculis purus consequat sem cure.</p>
      </div>
      <div class="about_pic">
        <div class="card">
          <div class="description">
            <p class="header_about">JULY 2010 <br>Our Humble Beginnings</p>
            <p class="header_text">Proin iaculis purus consequat sem cure<br>
              digni ssim. Donec porttitora entum suscipit<br>
              aenean rhoncus posuere odio in tincidunt. Proin<br>
              iaculis purus consequat sem cure digni<br>
              ssim. Donec porttitora entum suscipit.</p>
          </div>
          <div class="card_img">
            <img src="img/about1.jpg">
          </div>
        </div>
        <div class="card1">
            <div class="card_img">
                <img src="img/about2.jpg">
              </div>
          <div class="description1">
            <p class="header_about">JULY 2010 <br>Our Humble Beginnings</p>
            <p class="header_text">Proin iaculis purus consequat sem cure<br>
              digni ssim. Donec porttitora entum suscipit<br>
              aenean rhoncus posuere odio in tincidunt. Proin<br>
              iaculis purus consequat sem cure digni<br>
              ssim. Donec porttitora entum suscipit.</p>
          </div>
        </div>

        <div class="card">
            <div class="description">
              <p class="header_about">JULY 2010 <br>Our Humble Beginnings</p>
              <p class="header_text">Proin iaculis purus consequat sem cure<br>
                digni ssim. Donec porttitora entum suscipit<br>
                aenean rhoncus posuere odio in tincidunt. Proin<br>
                iaculis purus consequat sem cure digni<br>
                ssim. Donec porttitora entum suscipit.</p>
            </div>
            <div class="card_img">
              <img src="img/about3.jpg">
            </div>
          </div>

          <div class="card1">
              <div class="card_img">
                  <img src="img/about4.jpg">
                </div>
            <div class="description1">
              <p class="header_about">JULY 2010 <br>Our Humble Beginnings</p>
              <p class="header_text">Proin iaculis purus consequat sem cure<br>
                digni ssim. Donec porttitora entum suscipit<br>
                aenean rhoncus posuere odio in tincidunt. Proin<br>
                iaculis purus consequat sem cure digni<br>
                ssim. Donec porttitora entum suscipit.</p>
            </div>
          </div>
      </div>
    </div>
  </section>
  <footer>
    <div class="container"></div>
  </footer>
</body>

</html>